// Jest Snapshot v1, https://goo.gl/fbAQLP

exports[`<Divider />tests snapshot tests renders correctly with the \`type\` property set 1`] = `undefined`;

exports[`<Divider />tests snapshot tests renders correctly with the default prop 1`] = `undefined`;
